                                     
                                     ; some comment
                                     main:
0x00000000 050A  MOVI R1, 5     	movi r1, 5
0x00000002 0389  SUB  R1, 1     	sub r1,1
0x00000004 FC8C  BNEZ R1, -2 (0000) 	bnez r1, main
0x00000006 0A02  MOVI R0, 10    	movi r0, 10
0x00000008 0016  CALL 2 (0010)  	call loop
0x0000000A 0176  RET            	ret
0x0000000C FFEE  JR   -3 (0000) 	jr main
                                     
0x0000000E 0000  NOP            	nop
                                     loop:
0x00000010 020D  LDI  R1, [4] (0018) 	ldi r1, [mystr]
0x00000012 0381  SUB  R0, 1     	sub r0, 1
0x00000014 FC84  BNEZ R0, -2 (0010) 	bnez r0, loop
0x00000016 0176  RET            	ret
                                     
0x00000018 001C                       mystr: dw mystrref
0x0000001A 0000                       
                                     mystrref:
0x0000001C 6548                       	db 'Hello world!', 0
0x0000001E 6C6C                       
0x00000020 206F                       
0x00000022 6F77                       
0x00000024 6C72                       
0x00000026 2164                       
0x00000028 0000                       
